node.exe : Loaded Prisma config from prisma.config.ts.
At line:1 char:1
+ & "D:\skill-shine-gateway-main-main\nodejs/node.exe" "D:\skill-shine- ...
+ ~~~~~~~~~~~~~~~~~~~~~~~~~~~~~~~~~~~~~~~~~~~~~~~~~~~~~~~~~~~~~~~~~~~~~
    + CategoryInfo          : NotSpecified: (Loaded Prisma c...isma.config.ts.:String) [], R 
   emoteException
    + FullyQualifiedErrorId : NativeCommandError
 

Prisma schema loaded from prisma\schema.prisma.

Γ£ö Generated Prisma Client (v7.9.0) to .\node_modules\@prisma\client in 227ms

Start by importing your Prisma Client (See: https://pris.ly/d/importing-client)


[@lovable.dev/vite-tanstack-config] No Lovable context detected ΓÇö skipping nitro deploy plugin. Pass `nitro: true` (or `nitro: { ... }`) to force-enable.
[@lovable.dev/vite-tanstack-config] No Lovable context detected ΓÇö skipping nitro deploy plugin. Pass `nitro: true` (or `nitro: { ... }`) to force-enable.
[@lovable.dev/vite-tanstack-config] No Lovable context detected ΓÇö skipping nitro deploy plugin. Pass `nitro: true` (or `nitro: { ... }`) to force-enable.
[36mvite v7.3.6 [32mbuilding client environment for production...[36m[39m
transforming...
[33m[plugin tanstack-start-core::server-fn:client] src/routes/$legalPageSlug.tsx: 
D:/skill-shine-gateway-main-main/src/routes/$legalPageSlug.tsx:6:23 
createServerFn().inputValidator() is deprecated. Use createServerFn().validator() 
instead.[39m
[33m[plugin tanstack-start-core::server-fn:client] src/routes/admin-categories.tsx: 
D:/skill-shine-gateway-main-main/src/routes/admin-categories.tsx:36:29 
createServerFn().inputValidator() is deprecated. Use createServerFn().validator() 
instead.[39m
[33m[plugin tanstack-start-core::server-fn:client] src/routes/admin-categories.tsx: 
D:/skill-shine-gateway-main-main/src/routes/admin-categories.tsx:51:31 
createServerFn().inputValidator() is deprecated. Use createServerFn().validator() 
instead.[39m
[33m[plugin tanstack-start-core::server-fn:client] src/routes/earnings-reports.tsx: 
D:/skill-shine-gateway-main-main/src/routes/earnings-reports.tsx:76:34 
createServerFn().inputValidator() is deprecated. Use createServerFn().validator() 
instead.[39m
[33m[plugin tanstack-start-core::server-fn:client] src/routes/login.tsx: 
D:/skill-shine-gateway-main-main/src/routes/login.tsx:39:21 
createServerFn().inputValidator() is deprecated. Use createServerFn().validator() 
instead.[39m
[33m[plugin tanstack-start-core::server-fn:client] src/routes/job-management.tsx: 
D:/skill-shine-gateway-main-main/src/routes/job-management.tsx:117:35 
createServerFn().inputValidator() is deprecated. Use createServerFn().validator() 
instead.[39m
[33m[plugin tanstack-start-core::server-fn:client] src/routes/signup.tsx: 
D:/skill-shine-gateway-main-main/src/routes/signup.tsx:52:23 
createServerFn().inputValidator() is deprecated. Use createServerFn().validator() 
instead.[39m
[33m[plugin tanstack-start-core::server-fn:client] src/routes/signup.tsx: 
D:/skill-shine-gateway-main-main/src/routes/signup.tsx:74:22 
createServerFn().inputValidator() is deprecated. Use createServerFn().validator() 
instead.[39m
[33m[plugin tanstack-start-core::server-fn:client] src/routes/user-management.tsx: 
D:/skill-shine-gateway-main-main/src/routes/user-management.tsx:86:33 
createServerFn().inputValidator() is deprecated. Use createServerFn().validator() 
instead.[39m
[33m[plugin tanstack-start-core::server-fn:client] src/routes/user-management.tsx: 
D:/skill-shine-gateway-main-main/src/routes/user-management.tsx:98:47 
createServerFn().inputValidator() is deprecated. Use createServerFn().validator() 
instead.[39m
[33m[plugin tanstack-start-core::server-fn:client] src/routes/user-management.tsx: 
D:/skill-shine-gateway-main-main/src/routes/user-management.tsx:110:35 
createServerFn().inputValidator() is deprecated. Use createServerFn().validator() 
instead.[39m
[33m[plugin tanstack-start-core::server-fn:client] src/routes/verification-management.tsx: 
D:/skill-shine-gateway-main-main/src/routes/verification-management.tsx:63:40 
createServerFn().inputValidator() is deprecated. Use createServerFn().validator() 
instead.[39m
[33m[plugin tanstack-start-core::server-fn:client] src/routes/web-editor.tsx: 
D:/skill-shine-gateway-main-main/src/routes/web-editor.tsx:18:27 
createServerFn().inputValidator() is deprecated. Use createServerFn().validator() 
instead.[39m
[33m[plugin tanstack-start-core::server-fn:client] src/routes/website-cms.tsx: 
D:/skill-shine-gateway-main-main/src/routes/website-cms.tsx:26:28 
createServerFn().inputValidator() is deprecated. Use createServerFn().validator() 
instead.[39m
[33m[plugin tanstack-start-core::server-fn:client] src/professional/earnings.tsx: 
D:/skill-shine-gateway-main-main/src/professional/earnings.tsx:63:27 
createServerFn().inputValidator() is deprecated. Use createServerFn().validator() 
instead.[39m
[33m[plugin tanstack-start-core::server-fn:client] src/client/notifications.tsx: 
D:/skill-shine-gateway-main-main/src/client/notifications.tsx:68:36 
createServerFn().inputValidator() is deprecated. Use createServerFn().validator() 
instead.[39m
[33m[plugin tanstack-start-core::server-fn:client] src/client/post-job.tsx: 
D:/skill-shine-gateway-main-main/src/client/post-job.tsx:77:23 
createServerFn().inputValidator() is deprecated. Use createServerFn().validator() 
instead.[39m
[33m[plugin tanstack-start-core::server-fn:client] src/client/post-job.tsx: 
D:/skill-shine-gateway-main-main/src/client/post-job.tsx:94:21 
createServerFn().inputValidator() is deprecated. Use createServerFn().validator() 
instead.[39m
[33m[plugin tanstack-start-core::server-fn:client] src/client/forgot-password.tsx: 
D:/skill-shine-gateway-main-main/src/client/forgot-password.tsx:31:30 
createServerFn().inputValidator() is deprecated. Use createServerFn().validator() 
instead.[39m
[33m[plugin tanstack-start-core::server-fn:client] src/client/forgot-password.tsx: 
D:/skill-shine-gateway-main-main/src/client/forgot-password.tsx:56:23 
createServerFn().inputValidator() is deprecated. Use createServerFn().validator() 
instead.[39m
[33m[plugin tanstack-start-core::server-fn:client] src/professional/stats-detail.tsx: 
D:/skill-shine-gateway-main-main/src/professional/stats-detail.tsx:64:28 
createServerFn().inputValidator() is deprecated. Use createServerFn().validator() 
instead.[39m
[33m[plugin tanstack-start-core::server-fn:client] src/professional/stats-detail.tsx: 
D:/skill-shine-gateway-main-main/src/professional/stats-detail.tsx:76:30 
createServerFn().inputValidator() is deprecated. Use createServerFn().validator() 
instead.[39m
[33m[plugin tanstack-start-core::server-fn:client] src/client/dashboard.tsx: 
D:/skill-shine-gateway-main-main/src/client/dashboard.tsx:79:28 
createServerFn().inputValidator() is deprecated. Use createServerFn().validator() 
instead.[39m
[33m[plugin tanstack-start-core::server-fn:client] src/client/job.$jobId.tsx: 
D:/skill-shine-gateway-main-main/src/client/job.$jobId.tsx:40:23 
createServerFn().inputValidator() is deprecated. Use createServerFn().validator() 
instead.[39m
[33m[plugin tanstack-start-core::server-fn:client] src/client/job.$jobId.tsx: 
D:/skill-shine-gateway-main-main/src/client/job.$jobId.tsx:63:25 
createServerFn().inputValidator() is deprecated. Use createServerFn().validator() 
instead.[39m
[33m[plugin tanstack-start-core::server-fn:client] src/client/job.$jobId.tsx: 
D:/skill-shine-gateway-main-main/src/client/job.$jobId.tsx:81:30 
createServerFn().inputValidator() is deprecated. Use createServerFn().validator() 
instead.[39m
[33m[plugin tanstack-start-core::server-fn:client] src/admin/admin.tsx: 
D:/skill-shine-gateway-main-main/src/admin/admin.tsx:119:26 
createServerFn().inputValidator() is deprecated. Use createServerFn().validator() 
instead.[39m
[33m[plugin tanstack-start-core::server-fn:client] src/admin/admin.tsx: 
D:/skill-shine-gateway-main-main/src/admin/admin.tsx:159:31 
createServerFn().inputValidator() is deprecated. Use createServerFn().validator() 
instead.[39m
[33m[plugin tanstack-start-core::server-fn:client] src/admin/admin.tsx: 
D:/skill-shine-gateway-main-main/src/admin/admin.tsx:175:33 
createServerFn().inputValidator() is deprecated. Use createServerFn().validator() 
instead.[39m
[33m[plugin tanstack-start-core::server-fn:client] src/admin/admin.tsx: 
D:/skill-shine-gateway-main-main/src/admin/admin.tsx:191:36 
createServerFn().inputValidator() is deprecated. Use createServerFn().validator() 
instead.[39m
[33m[plugin tanstack-start-core::server-fn:client] src/client/projects.tsx: 
D:/skill-shine-gateway-main-main/src/client/projects.tsx:99:30 
createServerFn().inputValidator() is deprecated. Use createServerFn().validator() 
instead.[39m
[33m[plugin tanstack-start-core::server-fn:client] src/client/projects.tsx: 
D:/skill-shine-gateway-main-main/src/client/projects.tsx:138:29 
createServerFn().inputValidator() is deprecated. Use createServerFn().validator() 
instead.[39m
[33m[plugin tanstack-start-core::server-fn:client] src/client/projects.tsx: 
D:/skill-shine-gateway-main-main/src/client/projects.tsx:150:34 
createServerFn().inputValidator() is deprecated. Use createServerFn().validator() 
instead.[39m
[33m[plugin tanstack-start-core::server-fn:client] src/client/projects.tsx: 
D:/skill-shine-gateway-main-main/src/client/projects.tsx:162:33 
createServerFn().inputValidator() is deprecated. Use createServerFn().validator() 
instead.[39m
[33m[plugin tanstack-start-core::server-fn:client] src/client/projects.tsx: 
D:/skill-shine-gateway-main-main/src/client/projects.tsx:174:32 
createServerFn().inputValidator() is deprecated. Use createServerFn().validator() 
instead.[39m
[33m[plugin tanstack-start-core::server-fn:client] src/client/projects.tsx: 
D:/skill-shine-gateway-main-main/src/client/projects.tsx:186:30 
createServerFn().inputValidator() is deprecated. Use createServerFn().validator() 
instead.[39m
[33m[plugin tanstack-start-core::server-fn:client] src/client/projects.tsx: 
D:/skill-shine-gateway-main-main/src/client/projects.tsx:198:33 
createServerFn().inputValidator() is deprecated. Use createServerFn().validator() 
instead.[39m
[33m[plugin tanstack-start-core::server-fn:client] src/client/projects.tsx: 
D:/skill-shine-gateway-main-main/src/client/projects.tsx:210:34 
createServerFn().inputValidator() is deprecated. Use createServerFn().validator() 
instead.[39m
[33m[plugin tanstack-start-core::server-fn:client] src/professional/verification.tsx: 
D:/skill-shine-gateway-main-main/src/professional/verification.tsx:122:34 
createServerFn().inputValidator() is deprecated. Use createServerFn().validator() 
instead.[39m
[33m[plugin tanstack-start-core::server-fn:client] src/professional/pro.$proId.tsx: 
D:/skill-shine-gateway-main-main/src/professional/pro.$proId.tsx:47:23 
createServerFn().inputValidator() is deprecated. Use createServerFn().validator() 
instead.[39m
[33m[plugin tanstack-start-core::server-fn:client] 
src/client/project-track.$trackingId.tsx: 
D:/skill-shine-gateway-main-main/src/client/project-track.$trackingId.tsx:57:29 
createServerFn().inputValidator() is deprecated. Use createServerFn().validator() 
instead.[39m
[33m[plugin tanstack-start-core::server-fn:client] 
src/client/project-track.$trackingId.tsx: 
D:/skill-shine-gateway-main-main/src/client/project-track.$trackingId.tsx:82:27 
createServerFn().inputValidator() is deprecated. Use createServerFn().validator() 
instead.[39m
[33m[plugin tanstack-start-core::server-fn:client] 
src/client/project-track.$trackingId.tsx: 
D:/skill-shine-gateway-main-main/src/client/project-track.$trackingId.tsx:109:28 
createServerFn().inputValidator() is deprecated. Use createServerFn().validator() 
instead.[39m
[33m[plugin tanstack-start-core::server-fn:client] 
src/client/project-track.$trackingId.tsx: 
D:/skill-shine-gateway-main-main/src/client/project-track.$trackingId.tsx:121:32 
createServerFn().inputValidator() is deprecated. Use createServerFn().validator() 
instead.[39m
[33m[plugin tanstack-start-core::server-fn:client] 
src/client/project-track.$trackingId.tsx: 
D:/skill-shine-gateway-main-main/src/client/project-track.$trackingId.tsx:133:30 
createServerFn().inputValidator() is deprecated. Use createServerFn().validator() 
instead.[39m
[33m[plugin tanstack-start-core::server-fn:client] 
src/client/project-track.$trackingId.tsx: 
D:/skill-shine-gateway-main-main/src/client/project-track.$trackingId.tsx:145:29 
createServerFn().inputValidator() is deprecated. Use createServerFn().validator() 
instead.[39m
[33m[plugin tanstack-start-core::server-fn:client] 
src/client/project-track.$trackingId.tsx: 
D:/skill-shine-gateway-main-main/src/client/project-track.$trackingId.tsx:165:31 
createServerFn().inputValidator() is deprecated. Use createServerFn().validator() 
instead.[39m
[33m[plugin tanstack-start-core::server-fn:client] 
src/client/project-track.$trackingId.tsx: 
D:/skill-shine-gateway-main-main/src/client/project-track.$trackingId.tsx:177:32 
createServerFn().inputValidator() is deprecated. Use createServerFn().validator() 
instead.[39m
[33m[plugin tanstack-start-core::server-fn:client] 
src/client/project-track.$trackingId.tsx: 
D:/skill-shine-gateway-main-main/src/client/project-track.$trackingId.tsx:189:25 
createServerFn().inputValidator() is deprecated. Use createServerFn().validator() 
instead.[39m
[33m[plugin tanstack-start-core::server-fn:client] 
src/client/project-track.$trackingId.tsx: 
D:/skill-shine-gateway-main-main/src/client/project-track.$trackingId.tsx:201:25 
createServerFn().inputValidator() is deprecated. Use createServerFn().validator() 
instead.[39m
[33m[plugin tanstack-start-core::server-fn:client] 
src/client/project-track.$trackingId.tsx: 
D:/skill-shine-gateway-main-main/src/client/project-track.$trackingId.tsx:213:33 
createServerFn().inputValidator() is deprecated. Use createServerFn().validator() 
instead.[39m
[33m[plugin tanstack-start-core::server-fn:client] 
src/client/project-track.$trackingId.tsx: 
D:/skill-shine-gateway-main-main/src/client/project-track.$trackingId.tsx:225:29 
createServerFn().inputValidator() is deprecated. Use createServerFn().validator() 
instead.[39m
[33m[plugin tanstack-start-core::server-fn:client] src/client/my-info.tsx: 
D:/skill-shine-gateway-main-main/src/client/my-info.tsx:84:22 
createServerFn().inputValidator() is deprecated. Use createServerFn().validator() 
instead.[39m
[33m[plugin tanstack-start-core::server-fn:client] src/client/profile-setup.tsx: 
D:/skill-shine-gateway-main-main/src/client/profile-setup.tsx:72:27 
createServerFn().inputValidator() is deprecated. Use createServerFn().validator() 
instead.[39m
[33m[plugin tanstack-start-core::server-fn:client] src/client/hire.$proId.tsx: 
D:/skill-shine-gateway-main-main/src/client/hire.$proId.tsx:29:24 
createServerFn().inputValidator() is deprecated. Use createServerFn().validator() 
instead.[39m
[33m[plugin tanstack-start-core::server-fn:client] src/client/hire.$proId.tsx: 
D:/skill-shine-gateway-main-main/src/client/hire.$proId.tsx:52:26 
createServerFn().inputValidator() is deprecated. Use createServerFn().validator() 
instead.[39m
[33m[plugin tanstack-start-core::server-fn:client] src/professional/stats.tsx: 
D:/skill-shine-gateway-main-main/src/professional/stats.tsx:104:30 
createServerFn().inputValidator() is deprecated. Use createServerFn().validator() 
instead.[39m
[33m[plugin tanstack-start-core::server-fn:client] src/professional/stats.tsx: 
D:/skill-shine-gateway-main-main/src/professional/stats.tsx:119:33 
createServerFn().inputValidator() is deprecated. Use createServerFn().validator() 
instead.[39m
[33m[plugin tanstack-start-core::server-fn:client] src/professional/stats.tsx: 
D:/skill-shine-gateway-main-main/src/professional/stats.tsx:132:34 
createServerFn().inputValidator() is deprecated. Use createServerFn().validator() 
instead.[39m
[33m[plugin tanstack-start-core::server-fn:client] src/professional/stats.tsx: 
D:/skill-shine-gateway-main-main/src/professional/stats.tsx:147:42 
createServerFn().inputValidator() is deprecated. Use createServerFn().validator() 
instead.[39m
[33m[plugin tanstack-start-core::server-fn:client] src/professional/stats.tsx: 
D:/skill-shine-gateway-main-main/src/professional/stats.tsx:159:45 
createServerFn().inputValidator() is deprecated. Use createServerFn().validator() 
instead.[39m
[33m[plugin tanstack-start-core::server-fn:client] src/professional/stats.tsx: 
D:/skill-shine-gateway-main-main/src/professional/stats.tsx:171:46 
createServerFn().inputValidator() is deprecated. Use createServerFn().validator() 
instead.[39m
[33m[plugin tanstack-start-core::server-fn:client] src/professional/stats.tsx: 
D:/skill-shine-gateway-main-main/src/professional/stats.tsx:185:28 
createServerFn().inputValidator() is deprecated. Use createServerFn().validator() 
instead.[39m
[33m[plugin tanstack-start-core::server-fn:client] 
src/routes/login.tsx?tsr-split=component: 
D:/skill-shine-gateway-main-main/src/routes/login.tsx?tsr-split=component:39:21 
createServerFn().inputValidator() is deprecated. Use createServerFn().validator() 
instead.[39m
[33m[plugin tanstack-start-core::server-fn:client] 
src/routes/website-cms.tsx?tsr-split=component: 
D:/skill-shine-gateway-main-main/src/routes/website-cms.tsx?tsr-split=component:26:28 
createServerFn().inputValidator() is deprecated. Use createServerFn().validator() 
instead.[39m
[33m[plugin tanstack-start-core::server-fn:client] src/client/project.$projectId.server.ts: 
D:/skill-shine-gateway-main-main/src/client/project.$projectId.server.ts:20:31 
createServerFn().inputValidator() is deprecated. Use createServerFn().validator() 
instead.[39m
[33m[plugin tanstack-start-core::server-fn:client] src/client/project.$projectId.server.ts: 
D:/skill-shine-gateway-main-main/src/client/project.$projectId.server.ts:54:30 
createServerFn().inputValidator() is deprecated. Use createServerFn().validator() 
instead.[39m
[33m[plugin tanstack-start-core::server-fn:client] 
src/routes/earnings-reports.tsx?tsr-split=component: 
D:/skill-shine-gateway-main-main/src/routes/earnings-reports.tsx?tsr-split=component:76:34 
createServerFn().inputValidator() is deprecated. Use createServerFn().validator() 
instead.[39m
[33m[plugin tanstack-start-core::server-fn:client] 
src/routes/job-management.tsx?tsr-split=component: 
D:/skill-shine-gateway-main-main/src/routes/job-management.tsx?tsr-split=component:117:35 
createServerFn().inputValidator() is deprecated. Use createServerFn().validator() 
instead.[39m
[33m[plugin tanstack-start-core::server-fn:client] 
src/routes/$legalPageSlug.tsx?tsr-split=component: 
D:/skill-shine-gateway-main-main/src/routes/$legalPageSlug.tsx?tsr-split=component:6:23 
createServerFn().inputValidator() is deprecated. Use createServerFn().validator() 
instead.[39m
[33m[plugin tanstack-start-core::server-fn:client] 
src/routes/signup.tsx?tsr-split=component: 
D:/skill-shine-gateway-main-main/src/routes/signup.tsx?tsr-split=component:52:23 
createServerFn().inputValidator() is deprecated. Use createServerFn().validator() 
instead.[39m
[33m[plugin tanstack-start-core::server-fn:client] 
src/routes/signup.tsx?tsr-split=component: 
D:/skill-shine-gateway-main-main/src/routes/signup.tsx?tsr-split=component:74:22 
createServerFn().inputValidator() is deprecated. Use createServerFn().validator() 
instead.[39m
[33m[plugin tanstack-start-core::server-fn:client] 
src/routes/verification-management.tsx?tsr-split=component: D:/skill-shine-gateway-main-main/
src/routes/verification-management.tsx?tsr-split=component:63:40 
createServerFn().inputValidator() is deprecated. Use createServerFn().validator() 
instead.[39m
[33m[plugin tanstack-start-core::server-fn:client] 
src/routes/web-editor.tsx?tsr-split=component: 
D:/skill-shine-gateway-main-main/src/routes/web-editor.tsx?tsr-split=component:18:27 
createServerFn().inputValidator() is deprecated. Use createServerFn().validator() 
instead.[39m
[33m[plugin tanstack-start-core::server-fn:client] 
src/routes/admin-categories.tsx?tsr-split=component: 
D:/skill-shine-gateway-main-main/src/routes/admin-categories.tsx?tsr-split=component:36:29 
createServerFn().inputValidator() is deprecated. Use createServerFn().validator() 
instead.[39m
[33m[plugin tanstack-start-core::server-fn:client] 
src/routes/admin-categories.tsx?tsr-split=component: 
D:/skill-shine-gateway-main-main/src/routes/admin-categories.tsx?tsr-split=component:51:31 
createServerFn().inputValidator() is deprecated. Use createServerFn().validator() 
instead.[39m
[33m[plugin tanstack-start-core::server-fn:client] 
src/routes/user-management.tsx?tsr-split=component: 
D:/skill-shine-gateway-main-main/src/routes/user-management.tsx?tsr-split=component:86:33 
createServerFn().inputValidator() is deprecated. Use createServerFn().validator() 
instead.[39m
[33m[plugin tanstack-start-core::server-fn:client] 
src/routes/user-management.tsx?tsr-split=component: 
D:/skill-shine-gateway-main-main/src/routes/user-management.tsx?tsr-split=component:98:47 
createServerFn().inputValidator() is deprecated. Use createServerFn().validator() 
instead.[39m
[33m[plugin tanstack-start-core::server-fn:client] 
src/routes/user-management.tsx?tsr-split=component: 
D:/skill-shine-gateway-main-main/src/routes/user-management.tsx?tsr-split=component:110:35 
createServerFn().inputValidator() is deprecated. Use createServerFn().validator() 
instead.[39m
[33m[plugin tanstack-start-core::server-fn:client] src/professional/profile-setup.tsx: 
D:/skill-shine-gateway-main-main/src/professional/profile-setup.tsx:170:33 
createServerFn().inputValidator() is deprecated. Use createServerFn().validator() 
instead.[39m
[33m[plugin tanstack-start-core::server-fn:client] src/professional/profile-setup.tsx: 
D:/skill-shine-gateway-main-main/src/professional/profile-setup.tsx:253:44 
createServerFn().inputValidator() is deprecated. Use createServerFn().validator() 
instead.[39m
[33m[plugin tanstack-start-core::server-fn:client] src/professional/profile-setup.tsx: 
D:/skill-shine-gateway-main-main/src/professional/profile-setup.tsx:297:42 
createServerFn().inputValidator() is deprecated. Use createServerFn().validator() 
instead.[39m
[33m[plugin tanstack-start-core::server-fn:client] src/professional/profile-setup.tsx: 
D:/skill-shine-gateway-main-main/src/professional/profile-setup.tsx:320:44 
createServerFn().inputValidator() is deprecated. Use createServerFn().validator() 
instead.[39m
[33m[plugin tanstack-start-core::server-fn:client] src/client/index.tsx: 
D:/skill-shine-gateway-main-main/src/client/index.tsx:70:25 
createServerFn().inputValidator() is deprecated. Use createServerFn().validator() 
instead.[39m
[33m[plugin tanstack-start-core::server-fn:client] src/components/GlobalSearch.tsx: 
D:/skill-shine-gateway-main-main/src/components/GlobalSearch.tsx:20:23 
createServerFn().inputValidator() is deprecated. Use createServerFn().validator() 
instead.[39m
[32mΓ£ô[39m 3742 modules transformed.
rendering chunks...
computing gzip size...
[2mdist/client/[22m[35massets/leaflet-CIGW-MKW.css                 [39m[1m[2m   15.61 kB[22m[1m[22m[2m Γöé gzip:   6.46 kB[22m
[2mdist/client/[22m[35massets/styles-CnHhkSmE.css                  [39m[1m[2m  142.45 kB[22m[1m[22m[2m Γöé gzip:  22.44 kB[22m
[2mdist/client/[22m[35massets/ckeditor5-mHFu4exk.css               [39m[1m[2m  213.31 kB[22m[1m[22m[2m Γöé gzip:  33.62 kB[22m
[2mdist/client/[22m[36massets/arrow-left-BnLC2d0i.js               [39m[1m[2m    0.17 kB[22m[1m[22m[2m Γöé gzip:   0.16 kB[22m
[2mdist/client/[22m[36massets/table-2-CKPh0F2f.js                  [39m[1m[2m    0.22 kB[22m[1m[22m[2m Γöé gzip:   0.19 kB[22m
[2mdist/client/[22m[36massets/eye-Chh6U3cS.js                      [39m[1m[2m    0.25 kB[22m[1m[22m[2m Γöé gzip:   0.20 kB[22m
[2mdist/client/[22m[36massets/chromium-DoPN_K5U.js                 [39m[1m[2m    0.31 kB[22m[1m[22m[2m Γöé gzip:   0.23 kB[22m
[2mdist/client/[22m[36massets/project._projectId-DLqJO9G-.js       [39m[1m[2m    0.33 kB[22m[1m[22m[2m Γöé gzip:   0.25 kB[22m
[2mdist/client/[22m[36massets/project._projectId-BSd-wW5C.js       [39m[1m[2m    0.37 kB[22m[1m[22m[2m Γöé gzip:   0.27 kB[22m
[2mdist/client/[22m[36massets/file-spreadsheet-RW7sdaNi.js         [39m[1m[2m    0.43 kB[22m[1m[22m[2m Γöé gzip:   0.27 kB[22m
[2mdist/client/[22m[36massets/printer-BNgpT27l.js                  [39m[1m[2m    0.50 kB[22m[1m[22m[2m Γöé gzip:   0.31 kB[22m
[2mdist/client/[22m[36massets/_legalPageSlug-B8Qoiniq.js           [39m[1m[2m    1.18 kB[22m[1m[22m[2m Γöé gzip:   0.53 kB[22m
[2mdist/client/[22m[36massets/client-reports-DiJzLQgJ.js           [39m[1m[2m    1.26 kB[22m[1m[22m[2m Γöé gzip:   0.68 kB[22m
[2mdist/client/[22m[36massets/professional-reports-CEI02APc.js     [39m[1m[2m    1.30 kB[22m[1m[22m[2m Γöé gzip:   0.69 kB[22m
[2mdist/client/[22m[36massets/about-us-J2ONKvj4.js                 [39m[1m[2m    1.51 kB[22m[1m[22m[2m Γöé gzip:   0.61 kB[22m
[2mdist/client/[22m[36massets/terms-and-conditions-D7im628Y.js     [39m[1m[2m    1.59 kB[22m[1m[22m[2m Γöé gzip:   0.68 kB[22m
[2mdist/client/[22m[36massets/contact-us-Bn3-3TJY.js               [39m[1m[2m    1.62 kB[22m[1m[22m[2m Γöé gzip:   0.56 kB[22m
[2mdist/client/[22m[36massets/privacy-policy-Der9673c.js           [39m[1m[2m    1.64 kB[22m[1m[22m[2m Γöé gzip:   0.69 kB[22m
[2mdist/client/[22m[36massets/ReportExportActions-zDH4I6fF.js      [39m[1m[2m    1.73 kB[22m[1m[22m[2m Γöé gzip:   0.85 kB[22m
[2mdist/client/[22m[36massets/login-ClH83o7B.js                    [39m[1m[2m    2.95 kB[22m[1m[22m[2m Γöé gzip:   1.47 kB[22m
[2mdist/client/[22m[36massets/for-clients-lneFk_et.js              [39m[1m[2m    3.47 kB[22m[1m[22m[2m Γöé gzip:   1.36 kB[22m
[2mdist/client/[22m[36massets/website-cms-lI7HzCyB.js              [39m[1m[2m    4.89 kB[22m[1m[22m[2m Γöé gzip:   1.74 kB[22m
[2mdist/client/[22m[36massets/popover-L4jkIK4S.js                  [39m[1m[2m    4.89 kB[22m[1m[22m[2m Γöé gzip:   1.86 kB[22m
[2mdist/client/[22m[36massets/web-editor-B523sTJ3.js               [39m[1m[2m    6.21 kB[22m[1m[22m[2m Γöé gzip:   2.57 kB[22m
[2mdist/client/[22m[36massets/reports-BdrnjXbB.js                  [39m[1m[2m    9.14 kB[22m[1m[22m[2m Γöé gzip:   3.03 kB[22m
[2mdist/client/[22m[36massets/signup-Dh49rXym.js                   [39m[1m[2m    9.23 kB[22m[1m[22m[2m Γöé gzip:   3.48 kB[22m
[2mdist/client/[22m[36massets/admin-categories-CSGpT4KG.js         [39m[1m[2m    9.32 kB[22m[1m[22m[2m Γöé gzip:   3.21 kB[22m
[2mdist/client/[22m[36massets/services-CXV0UENn.js                 [39m[1m[2m   10.10 kB[22m[1m[22m[2m Γöé gzip:   3.77 kB[22m
[2mdist/client/[22m[36massets/admin-reports-7yUl8uic.js            [39m[1m[2m   11.57 kB[22m[1m[22m[2m Γöé gzip:   4.03 kB[22m
[2mdist/client/[22m[36massets/project._projectId-CQflFBHd.js       [39m[1m[2m   12.90 kB[22m[1m[22m[2m Γöé gzip:   3.32 kB[22m
[2mdist/client/[22m[36massets/verification-management-B7NX-dB0.js  [39m[1m[2m   13.18 kB[22m[1m[22m[2m Γöé gzip:   4.51 kB[22m
[2mdist/client/[22m[36massets/earnings-reports-CPP8MrSJ.js         [39m[1m[2m   25.34 kB[22m[1m[22m[2m Γöé gzip:   6.87 kB[22m
[2mdist/client/[22m[36massets/index-CSFIJ-7_.js                    [39m[1m[2m   30.63 kB[22m[1m[22m[2m Γöé gzip:  10.41 kB[22m
[2mdist/client/[22m[36massets/user-management-E_0WMrc3.js          [39m[1m[2m   30.83 kB[22m[1m[22m[2m Γöé gzip:   9.27 kB[22m
[2mdist/client/[22m[36massets/job-management-CJtHAc_G.js           [39m[1m[2m   31.53 kB[22m[1m[22m[2m Γöé gzip:   7.74 kB[22m
[2mdist/client/[22m[36massets/leaflet-src-BDOAcnFR.js              [39m[1m[2m  149.90 kB[22m[1m[22m[2m Γöé gzip:  43.48 kB[22m
[2mdist/client/[22m[36massets/index-CoikA3pP.js                    [39m[1m[2m  256.36 kB[22m[1m[22m[2m Γöé gzip:  66.53 kB[22m
[2mdist/client/[22m[36massets/UserPersonalReports-XxDUliIX.js      [39m[1m[2m  432.55 kB[22m[1m[22m[2m Γöé gzip: 116.71 kB[22m
[2mdist/client/[22m[36massets/index-Bg4DECLB.js                    [39m[1m[33m1,255.08 kB[39m[22m[2m Γöé gzip: 359.56 kB[22m
[2mdist/client/[22m[36massets/ckeditor5-QuQaczBT.js                [39m[1m[33m1,934.98 kB[39m[22m[2m Γöé gzip: 519.75 kB[22m
[33m
(!) Some chunks are larger than 500 kB after minification. Consider:
- Using dynamic import() to code-split the application
- Use build.rollupOptions.output.manualChunks to improve chunking: 
https://rollupjs.org/configuration-options/#output-manualchunks
- Adjust chunk size limit for this warning via build.chunkSizeWarningLimit.[39m
[32mΓ£ô built in 23.02s[39m
[36mvite v7.3.6 [32mbuilding ssr environment for production...[36m[39m
transforming...
[33m[plugin tanstack-start-core::server-fn:ssr] 
src/components/GlobalSearch.tsx?tss-serverfn-split: 
D:/skill-shine-gateway-main-main/src/components/GlobalSearch.tsx?tss-serverfn-split:20:23 
createServerFn().inputValidator() is deprecated. Use createServerFn().validator() 
instead.[39m
[33m[plugin tanstack-start-core::server-fn:ssr] src/routes/signup.tsx?tss-serverfn-split: 
D:/skill-shine-gateway-main-main/src/routes/signup.tsx?tss-serverfn-split:52:23 
createServerFn().inputValidator() is deprecated. Use createServerFn().validator() 
instead.[39m
[33m[plugin tanstack-start-core::server-fn:ssr] src/routes/signup.tsx?tss-serverfn-split: 
D:/skill-shine-gateway-main-main/src/routes/signup.tsx?tss-serverfn-split:74:22 
createServerFn().inputValidator() is deprecated. Use createServerFn().validator() 
instead.[39m
[33m[plugin tanstack-start-core::server-fn:ssr] src/admin/admin.tsx?tss-serverfn-split: 
D:/skill-shine-gateway-main-main/src/admin/admin.tsx?tss-serverfn-split:119:26 
createServerFn().inputValidator() is deprecated. Use createServerFn().validator() 
instead.[39m
[33m[plugin tanstack-start-core::server-fn:ssr] src/admin/admin.tsx?tss-serverfn-split: 
D:/skill-shine-gateway-main-main/src/admin/admin.tsx?tss-serverfn-split:159:31 
createServerFn().inputValidator() is deprecated. Use createServerFn().validator() 
instead.[39m
[33m[plugin tanstack-start-core::server-fn:ssr] src/admin/admin.tsx?tss-serverfn-split: 
D:/skill-shine-gateway-main-main/src/admin/admin.tsx?tss-serverfn-split:175:33 
createServerFn().inputValidator() is deprecated. Use createServerFn().validator() 
instead.[39m
[33m[plugin tanstack-start-core::server-fn:ssr] src/admin/admin.tsx?tss-serverfn-split: 
D:/skill-shine-gateway-main-main/src/admin/admin.tsx?tss-serverfn-split:191:36 
createServerFn().inputValidator() is deprecated. Use createServerFn().validator() 
instead.[39m
[33m[plugin tanstack-start-core::server-fn:ssr] 
src/professional/stats.tsx?tss-serverfn-split: 
D:/skill-shine-gateway-main-main/src/professional/stats.tsx?tss-serverfn-split:104:30 
createServerFn().inputValidator() is deprecated. Use createServerFn().validator() 
instead.[39m
[33m[plugin tanstack-start-core::server-fn:ssr] 
src/professional/stats.tsx?tss-serverfn-split: 
D:/skill-shine-gateway-main-main/src/professional/stats.tsx?tss-serverfn-split:119:33 
createServerFn().inputValidator() is deprecated. Use createServerFn().validator() 
instead.[39m
[33m[plugin tanstack-start-core::server-fn:ssr] 
src/professional/stats.tsx?tss-serverfn-split: 
D:/skill-shine-gateway-main-main/src/professional/stats.tsx?tss-serverfn-split:132:34 
createServerFn().inputValidator() is deprecated. Use createServerFn().validator() 
instead.[39m
[33m[plugin tanstack-start-core::server-fn:ssr] 
src/professional/stats.tsx?tss-serverfn-split: 
D:/skill-shine-gateway-main-main/src/professional/stats.tsx?tss-serverfn-split:147:42 
createServerFn().inputValidator() is deprecated. Use createServerFn().validator() 
instead.[39m
[33m[plugin tanstack-start-core::server-fn:ssr] 
src/professional/stats.tsx?tss-serverfn-split: 
D:/skill-shine-gateway-main-main/src/professional/stats.tsx?tss-serverfn-split:159:45 
createServerFn().inputValidator() is deprecated. Use createServerFn().validator() 
instead.[39m
[33m[plugin tanstack-start-core::server-fn:ssr] 
src/professional/stats.tsx?tss-serverfn-split: 
D:/skill-shine-gateway-main-main/src/professional/stats.tsx?tss-serverfn-split:171:46 
createServerFn().inputValidator() is deprecated. Use createServerFn().validator() 
instead.[39m
[33m[plugin tanstack-start-core::server-fn:ssr] 
src/professional/stats.tsx?tss-serverfn-split: 
D:/skill-shine-gateway-main-main/src/professional/stats.tsx?tss-serverfn-split:185:28 
createServerFn().inputValidator() is deprecated. Use createServerFn().validator() 
instead.[39m
[33m[plugin tanstack-start-core::server-fn:ssr] 
src/client/notifications.tsx?tss-serverfn-split: 
D:/skill-shine-gateway-main-main/src/client/notifications.tsx?tss-serverfn-split:68:36 
createServerFn().inputValidator() is deprecated. Use createServerFn().validator() 
instead.[39m
[33m[plugin tanstack-start-core::server-fn:ssr] 
src/routes/$legalPageSlug.tsx?tss-serverfn-split: 
D:/skill-shine-gateway-main-main/src/routes/$legalPageSlug.tsx?tss-serverfn-split:6:23 
createServerFn().inputValidator() is deprecated. Use createServerFn().validator() 
instead.[39m
[33m[plugin tanstack-start-core::server-fn:ssr] src/client/post-job.tsx?tss-serverfn-split: 
D:/skill-shine-gateway-main-main/src/client/post-job.tsx?tss-serverfn-split:77:23 
createServerFn().inputValidator() is deprecated. Use createServerFn().validator() 
instead.[39m
[33m[plugin tanstack-start-core::server-fn:ssr] src/client/post-job.tsx?tss-serverfn-split: 
D:/skill-shine-gateway-main-main/src/client/post-job.tsx?tss-serverfn-split:94:21 
createServerFn().inputValidator() is deprecated. Use createServerFn().validator() 
instead.[39m
[33m[plugin tanstack-start-core::server-fn:ssr] 
src/client/job.$jobId.tsx?tss-serverfn-split: 
D:/skill-shine-gateway-main-main/src/client/job.$jobId.tsx?tss-serverfn-split:40:23 
createServerFn().inputValidator() is deprecated. Use createServerFn().validator() 
instead.[39m
[33m[plugin tanstack-start-core::server-fn:ssr] 
src/client/job.$jobId.tsx?tss-serverfn-split: 
D:/skill-shine-gateway-main-main/src/client/job.$jobId.tsx?tss-serverfn-split:63:25 
createServerFn().inputValidator() is deprecated. Use createServerFn().validator() 
instead.[39m
[33m[plugin tanstack-start-core::server-fn:ssr] 
src/client/job.$jobId.tsx?tss-serverfn-split: 
D:/skill-shine-gateway-main-main/src/client/job.$jobId.tsx?tss-serverfn-split:81:30 
createServerFn().inputValidator() is deprecated. Use createServerFn().validator() 
instead.[39m
[33m[plugin tanstack-start-core::server-fn:ssr] 
src/client/dashboard.tsx?tss-serverfn-split: 
D:/skill-shine-gateway-main-main/src/client/dashboard.tsx?tss-serverfn-split:79:28 
createServerFn().inputValidator() is deprecated. Use createServerFn().validator() 
instead.[39m
[33m[plugin tanstack-start-core::server-fn:ssr] 
src/client/project.$projectId.server.ts?tss-serverfn-split: D:/skill-shine-gateway-main-main/
src/client/project.$projectId.server.ts?tss-serverfn-split:20:31 
createServerFn().inputValidator() is deprecated. Use createServerFn().validator() 
instead.[39m
[33m[plugin tanstack-start-core::server-fn:ssr] 
src/client/project.$projectId.server.ts?tss-serverfn-split: D:/skill-shine-gateway-main-main/
src/client/project.$projectId.server.ts?tss-serverfn-split:54:30 
createServerFn().inputValidator() is deprecated. Use createServerFn().validator() 
instead.[39m
[33m[plugin tanstack-start-core::server-fn:ssr] 
src/client/project-track.$trackingId.tsx?tss-serverfn-split: D:/skill-shine-gateway-main-main
/src/client/project-track.$trackingId.tsx?tss-serverfn-split:57:29 
createServerFn().inputValidator() is deprecated. Use createServerFn().validator() 
instead.[39m
[33m[plugin tanstack-start-core::server-fn:ssr] 
src/client/project-track.$trackingId.tsx?tss-serverfn-split: D:/skill-shine-gateway-main-main
/src/client/project-track.$trackingId.tsx?tss-serverfn-split:82:27 
createServerFn().inputValidator() is deprecated. Use createServerFn().validator() 
instead.[39m
[33m[plugin tanstack-start-core::server-fn:ssr] 
src/client/project-track.$trackingId.tsx?tss-serverfn-split: D:/skill-shine-gateway-main-main
/src/client/project-track.$trackingId.tsx?tss-serverfn-split:109:28 
createServerFn().inputValidator() is deprecated. Use createServerFn().validator() 
instead.[39m
[33m[plugin tanstack-start-core::server-fn:ssr] 
src/client/project-track.$trackingId.tsx?tss-serverfn-split: D:/skill-shine-gateway-main-main
/src/client/project-track.$trackingId.tsx?tss-serverfn-split:121:32 
createServerFn().inputValidator() is deprecated. Use createServerFn().validator() 
instead.[39m
[33m[plugin tanstack-start-core::server-fn:ssr] 
src/client/project-track.$trackingId.tsx?tss-serverfn-split: D:/skill-shine-gateway-main-main
/src/client/project-track.$trackingId.tsx?tss-serverfn-split:133:30 
createServerFn().inputValidator() is deprecated. Use createServerFn().validator() 
instead.[39m
[33m[plugin tanstack-start-core::server-fn:ssr] 
src/client/project-track.$trackingId.tsx?tss-serverfn-split: D:/skill-shine-gateway-main-main
/src/client/project-track.$trackingId.tsx?tss-serverfn-split:145:29 
createServerFn().inputValidator() is deprecated. Use createServerFn().validator() 
instead.[39m
[33m[plugin tanstack-start-core::server-fn:ssr] 
src/client/project-track.$trackingId.tsx?tss-serverfn-split: D:/skill-shine-gateway-main-main
/src/client/project-track.$trackingId.tsx?tss-serverfn-split:165:31 
createServerFn().inputValidator() is deprecated. Use createServerFn().validator() 
instead.[39m
[33m[plugin tanstack-start-core::server-fn:ssr] 
src/client/project-track.$trackingId.tsx?tss-serverfn-split: D:/skill-shine-gateway-main-main
/src/client/project-track.$trackingId.tsx?tss-serverfn-split:177:32 
createServerFn().inputValidator() is deprecated. Use createServerFn().validator() 
instead.[39m
[33m[plugin tanstack-start-core::server-fn:ssr] 
src/client/project-track.$trackingId.tsx?tss-serverfn-split: D:/skill-shine-gateway-main-main
/src/client/project-track.$trackingId.tsx?tss-serverfn-split:189:25 
createServerFn().inputValidator() is deprecated. Use createServerFn().validator() 
instead.[39m
[33m[plugin tanstack-start-core::server-fn:ssr] 
src/client/project-track.$trackingId.tsx?tss-serverfn-split: D:/skill-shine-gateway-main-main
/src/client/project-track.$trackingId.tsx?tss-serverfn-split:201:25 
createServerFn().inputValidator() is deprecated. Use createServerFn().validator() 
instead.[39m
[33m[plugin tanstack-start-core::server-fn:ssr] 
src/client/project-track.$trackingId.tsx?tss-serverfn-split: D:/skill-shine-gateway-main-main
/src/client/project-track.$trackingId.tsx?tss-serverfn-split:213:33 
createServerFn().inputValidator() is deprecated. Use createServerFn().validator() 
instead.[39m
[33m[plugin tanstack-start-core::server-fn:ssr] 
src/client/project-track.$trackingId.tsx?tss-serverfn-split: D:/skill-shine-gateway-main-main
/src/client/project-track.$trackingId.tsx?tss-serverfn-split:225:29 
createServerFn().inputValidator() is deprecated. Use createServerFn().validator() 
instead.[39m
[33m[plugin tanstack-start-core::server-fn:ssr] 
src/client/hire.$proId.tsx?tss-serverfn-split: 
D:/skill-shine-gateway-main-main/src/client/hire.$proId.tsx?tss-serverfn-split:29:24 
createServerFn().inputValidator() is deprecated. Use createServerFn().validator() 
instead.[39m
[33m[plugin tanstack-start-core::server-fn:ssr] 
src/client/hire.$proId.tsx?tss-serverfn-split: 
D:/skill-shine-gateway-main-main/src/client/hire.$proId.tsx?tss-serverfn-split:52:26 
createServerFn().inputValidator() is deprecated. Use createServerFn().validator() 
instead.[39m
[33m[plugin tanstack-start-core::server-fn:ssr] src/client/projects.tsx?tss-serverfn-split: 
D:/skill-shine-gateway-main-main/src/client/projects.tsx?tss-serverfn-split:99:30 
createServerFn().inputValidator() is deprecated. Use createServerFn().validator() 
instead.[39m
[33m[plugin tanstack-start-core::server-fn:ssr] src/client/projects.tsx?tss-serverfn-split: 
D:/skill-shine-gateway-main-main/src/client/projects.tsx?tss-serverfn-split:138:29 
createServerFn().inputValidator() is deprecated. Use createServerFn().validator() 
instead.[39m
[33m[plugin tanstack-start-core::server-fn:ssr] src/client/projects.tsx?tss-serverfn-split: 
D:/skill-shine-gateway-main-main/src/client/projects.tsx?tss-serverfn-split:150:34 
createServerFn().inputValidator() is deprecated. Use createServerFn().validator() 
instead.[39m
[33m[plugin tanstack-start-core::server-fn:ssr] src/client/projects.tsx?tss-serverfn-split: 
D:/skill-shine-gateway-main-main/src/client/projects.tsx?tss-serverfn-split:162:33 
createServerFn().inputValidator() is deprecated. Use createServerFn().validator() 
instead.[39m
[33m[plugin tanstack-start-core::server-fn:ssr] src/client/projects.tsx?tss-serverfn-split: 
D:/skill-shine-gateway-main-main/src/client/projects.tsx?tss-serverfn-split:174:32 
createServerFn().inputValidator() is deprecated. Use createServerFn().validator() 
instead.[39m
[33m[plugin tanstack-start-core::server-fn:ssr] src/client/projects.tsx?tss-serverfn-split: 
D:/skill-shine-gateway-main-main/src/client/projects.tsx?tss-serverfn-split:186:30 
createServerFn().inputValidator() is deprecated. Use createServerFn().validator() 
instead.[39m
[33m[plugin tanstack-start-core::server-fn:ssr] src/client/projects.tsx?tss-serverfn-split: 
D:/skill-shine-gateway-main-main/src/client/projects.tsx?tss-serverfn-split:198:33 
createServerFn().inputValidator() is deprecated. Use createServerFn().validator() 
instead.[39m
[33m[plugin tanstack-start-core::server-fn:ssr] src/client/projects.tsx?tss-serverfn-split: 
D:/skill-shine-gateway-main-main/src/client/projects.tsx?tss-serverfn-split:210:34 
createServerFn().inputValidator() is deprecated. Use createServerFn().validator() 
instead.[39m
[33m[plugin tanstack-start-core::server-fn:ssr] src/client/my-info.tsx?tss-serverfn-split: 
D:/skill-shine-gateway-main-main/src/client/my-info.tsx?tss-serverfn-split:84:22 
createServerFn().inputValidator() is deprecated. Use createServerFn().validator() 
instead.[39m
[33m[plugin tanstack-start-core::server-fn:ssr] 
src/routes/user-management.tsx?tss-serverfn-split: 
D:/skill-shine-gateway-main-main/src/routes/user-management.tsx?tss-serverfn-split:86:33 
createServerFn().inputValidator() is deprecated. Use createServerFn().validator() 
instead.[39m
[33m[plugin tanstack-start-core::server-fn:ssr] 
src/routes/user-management.tsx?tss-serverfn-split: 
D:/skill-shine-gateway-main-main/src/routes/user-management.tsx?tss-serverfn-split:98:47 
createServerFn().inputValidator() is deprecated. Use createServerFn().validator() 
instead.[39m
[33m[plugin tanstack-start-core::server-fn:ssr] 
src/routes/user-management.tsx?tss-serverfn-split: 
D:/skill-shine-gateway-main-main/src/routes/user-management.tsx?tss-serverfn-split:110:35 
createServerFn().inputValidator() is deprecated. Use createServerFn().validator() 
instead.[39m
[33m[plugin tanstack-start-core::server-fn:ssr] 
src/professional/verification.tsx?tss-serverfn-split: 
D:/skill-shine-gateway-main-main/src/professional/verification.tsx?tss-serverfn-split:122:34 
createServerFn().inputValidator() is deprecated. Use createServerFn().validator() 
instead.[39m
[33m[plugin tanstack-start-core::server-fn:ssr] 
src/routes/verification-management.tsx?tss-serverfn-split: D:/skill-shine-gateway-main-main/s
rc/routes/verification-management.tsx?tss-serverfn-split:63:40 
createServerFn().inputValidator() is deprecated. Use createServerFn().validator() 
instead.[39m
[33m[plugin tanstack-start-core::server-fn:ssr] 
src/professional/stats-detail.tsx?tss-serverfn-split: 
D:/skill-shine-gateway-main-main/src/professional/stats-detail.tsx?tss-serverfn-split:64:28 
createServerFn().inputValidator() is deprecated. Use createServerFn().validator() 
instead.[39m
[33m[plugin tanstack-start-core::server-fn:ssr] 
src/professional/stats-detail.tsx?tss-serverfn-split: 
D:/skill-shine-gateway-main-main/src/professional/stats-detail.tsx?tss-serverfn-split:76:30 
createServerFn().inputValidator() is deprecated. Use createServerFn().validator() 
instead.[39m
[33m[plugin tanstack-start-core::server-fn:ssr] 
src/routes/job-management.tsx?tss-serverfn-split: 
D:/skill-shine-gateway-main-main/src/routes/job-management.tsx?tss-serverfn-split:117:35 
createServerFn().inputValidator() is deprecated. Use createServerFn().validator() 
instead.[39m
[33m[plugin tanstack-start-core::server-fn:ssr] 
src/client/forgot-password.tsx?tss-serverfn-split: 
D:/skill-shine-gateway-main-main/src/client/forgot-password.tsx?tss-serverfn-split:31:30 
createServerFn().inputValidator() is deprecated. Use createServerFn().validator() 
instead.[39m
[33m[plugin tanstack-start-core::server-fn:ssr] 
src/client/forgot-password.tsx?tss-serverfn-split: 
D:/skill-shine-gateway-main-main/src/client/forgot-password.tsx?tss-serverfn-split:56:23 
createServerFn().inputValidator() is deprecated. Use createServerFn().validator() 
instead.[39m
[33m[plugin tanstack-start-core::server-fn:ssr] 
src/client/profile-setup.tsx?tss-serverfn-split: 
D:/skill-shine-gateway-main-main/src/client/profile-setup.tsx?tss-serverfn-split:72:27 
createServerFn().inputValidator() is deprecated. Use createServerFn().validator() 
instead.[39m
[33m[plugin tanstack-start-core::server-fn:ssr] 
src/professional/profile-setup.tsx?tss-serverfn-split: D:/skill-shine-gateway-main-main/src/p
rofessional/profile-setup.tsx?tss-serverfn-split:170:33 createServerFn().inputValidator() is 
deprecated. Use createServerFn().validator() instead.[39m
[33m[plugin tanstack-start-core::server-fn:ssr] 
src/professional/profile-setup.tsx?tss-serverfn-split: D:/skill-shine-gateway-main-main/src/p
rofessional/profile-setup.tsx?tss-serverfn-split:253:44 createServerFn().inputValidator() is 
deprecated. Use createServerFn().validator() instead.[39m
[33m[plugin tanstack-start-core::server-fn:ssr] 
src/professional/profile-setup.tsx?tss-serverfn-split: D:/skill-shine-gateway-main-main/src/p
rofessional/profile-setup.tsx?tss-serverfn-split:297:42 createServerFn().inputValidator() is 
deprecated. Use createServerFn().validator() instead.[39m
[33m[plugin tanstack-start-core::server-fn:ssr] 
src/professional/profile-setup.tsx?tss-serverfn-split: D:/skill-shine-gateway-main-main/src/p
rofessional/profile-setup.tsx?tss-serverfn-split:320:44 createServerFn().inputValidator() is 
deprecated. Use createServerFn().validator() instead.[39m
[33m[plugin tanstack-start-core::server-fn:ssr] 
src/professional/earnings.tsx?tss-serverfn-split: 
D:/skill-shine-gateway-main-main/src/professional/earnings.tsx?tss-serverfn-split:63:27 
createServerFn().inputValidator() is deprecated. Use createServerFn().validator() 
instead.[39m
[33m[plugin tanstack-start-core::server-fn:ssr] src/client/index.tsx?tss-serverfn-split: 
D:/skill-shine-gateway-main-main/src/client/index.tsx?tss-serverfn-split:70:25 
createServerFn().inputValidator() is deprecated. Use createServerFn().validator() 
instead.[39m
[33m[plugin tanstack-start-core::server-fn:ssr] 
src/routes/admin-categories.tsx?tss-serverfn-split: 
D:/skill-shine-gateway-main-main/src/routes/admin-categories.tsx?tss-serverfn-split:36:29 
createServerFn().inputValidator() is deprecated. Use createServerFn().validator() 
instead.[39m
[33m[plugin tanstack-start-core::server-fn:ssr] 
src/routes/admin-categories.tsx?tss-serverfn-split: 
D:/skill-shine-gateway-main-main/src/routes/admin-categories.tsx?tss-serverfn-split:51:31 
createServerFn().inputValidator() is deprecated. Use createServerFn().validator() 
instead.[39m
[33m[plugin tanstack-start-core::server-fn:ssr] src/routes/login.tsx?tss-serverfn-split: 
D:/skill-shine-gateway-main-main/src/routes/login.tsx?tss-serverfn-split:39:21 
createServerFn().inputValidator() is deprecated. Use createServerFn().validator() 
instead.[39m
[33m[plugin tanstack-start-core::server-fn:ssr] 
src/professional/pro.$proId.tsx?tss-serverfn-split: 
D:/skill-shine-gateway-main-main/src/professional/pro.$proId.tsx?tss-serverfn-split:47:23 
createServerFn().inputValidator() is deprecated. Use createServerFn().validator() 
instead.[39m
[33m[plugin tanstack-start-core::server-fn:ssr] 
src/routes/web-editor.tsx?tss-serverfn-split: 
D:/skill-shine-gateway-main-main/src/routes/web-editor.tsx?tss-serverfn-split:18:27 
createServerFn().inputValidator() is deprecated. Use createServerFn().validator() 
instead.[39m
[33m[plugin tanstack-start-core::server-fn:ssr] 
src/routes/website-cms.tsx?tss-serverfn-split: 
D:/skill-shine-gateway-main-main/src/routes/website-cms.tsx?tss-serverfn-split:26:28 
createServerFn().inputValidator() is deprecated. Use createServerFn().validator() 
instead.[39m
[33m[plugin tanstack-start-core::server-fn:ssr] 
src/routes/earnings-reports.tsx?tss-serverfn-split: 
D:/skill-shine-gateway-main-main/src/routes/earnings-reports.tsx?tss-serverfn-split:76:34 
createServerFn().inputValidator() is deprecated. Use createServerFn().validator() 
instead.[39m
[33m[plugin tanstack-start-core::server-fn:ssr] src/routes/$legalPageSlug.tsx: 
D:/skill-shine-gateway-main-main/src/routes/$legalPageSlug.tsx:6:23 
createServerFn().inputValidator() is deprecated. Use createServerFn().validator() 
instead.[39m
[33m[plugin tanstack-start-core::server-fn:ssr] src/routes/admin-categories.tsx: 
D:/skill-shine-gateway-main-main/src/routes/admin-categories.tsx:36:29 
createServerFn().inputValidator() is deprecated. Use createServerFn().validator() 
instead.[39m
[33m[plugin tanstack-start-core::server-fn:ssr] src/routes/admin-categories.tsx: 
D:/skill-shine-gateway-main-main/src/routes/admin-categories.tsx:51:31 
createServerFn().inputValidator() is deprecated. Use createServerFn().validator() 
instead.[39m
[33m[plugin tanstack-start-core::server-fn:ssr] src/routes/earnings-reports.tsx: 
D:/skill-shine-gateway-main-main/src/routes/earnings-reports.tsx:76:34 
createServerFn().inputValidator() is deprecated. Use createServerFn().validator() 
instead.[39m
[33m[plugin tanstack-start-core::server-fn:ssr] src/routes/job-management.tsx: 
D:/skill-shine-gateway-main-main/src/routes/job-management.tsx:117:35 
createServerFn().inputValidator() is deprecated. Use createServerFn().validator() 
instead.[39m
[33m[plugin tanstack-start-core::server-fn:ssr] src/routes/login.tsx: 
D:/skill-shine-gateway-main-main/src/routes/login.tsx:39:21 
createServerFn().inputValidator() is deprecated. Use createServerFn().validator() 
instead.[39m
[33m[plugin tanstack-start-core::server-fn:ssr] src/routes/signup.tsx: 
D:/skill-shine-gateway-main-main/src/routes/signup.tsx:52:23 
createServerFn().inputValidator() is deprecated. Use createServerFn().validator() 
instead.[39m
[33m[plugin tanstack-start-core::server-fn:ssr] src/routes/signup.tsx: 
D:/skill-shine-gateway-main-main/src/routes/signup.tsx:74:22 
createServerFn().inputValidator() is deprecated. Use createServerFn().validator() 
instead.[39m
[33m[plugin tanstack-start-core::server-fn:ssr] src/routes/user-management.tsx: 
D:/skill-shine-gateway-main-main/src/routes/user-management.tsx:86:33 
createServerFn().inputValidator() is deprecated. Use createServerFn().validator() 
instead.[39m
[33m[plugin tanstack-start-core::server-fn:ssr] src/routes/user-management.tsx: 
D:/skill-shine-gateway-main-main/src/routes/user-management.tsx:98:47 
createServerFn().inputValidator() is deprecated. Use createServerFn().validator() 
instead.[39m
[33m[plugin tanstack-start-core::server-fn:ssr] src/routes/user-management.tsx: 
D:/skill-shine-gateway-main-main/src/routes/user-management.tsx:110:35 
createServerFn().inputValidator() is deprecated. Use createServerFn().validator() 
instead.[39m
[33m[plugin tanstack-start-core::server-fn:ssr] src/routes/verification-management.tsx: 
D:/skill-shine-gateway-main-main/src/routes/verification-management.tsx:63:40 
createServerFn().inputValidator() is deprecated. Use createServerFn().validator() 
instead.[39m
[33m[plugin tanstack-start-core::server-fn:ssr] src/routes/web-editor.tsx: 
D:/skill-shine-gateway-main-main/src/routes/web-editor.tsx:18:27 
createServerFn().inputValidator() is deprecated. Use createServerFn().validator() 
instead.[39m
[33m[plugin tanstack-start-core::server-fn:ssr] src/routes/website-cms.tsx: 
D:/skill-shine-gateway-main-main/src/routes/website-cms.tsx:26:28 
createServerFn().inputValidator() is deprecated. Use createServerFn().validator() 
instead.[39m
[33m[plugin tanstack-start-core::server-fn:ssr] src/client/dashboard.tsx: 
D:/skill-shine-gateway-main-main/src/client/dashboard.tsx:79:28 
createServerFn().inputValidator() is deprecated. Use createServerFn().validator() 
instead.[39m
[33m[plugin tanstack-start-core::server-fn:ssr] src/admin/admin.tsx: 
D:/skill-shine-gateway-main-main/src/admin/admin.tsx:119:26 
createServerFn().inputValidator() is deprecated. Use createServerFn().validator() 
instead.[39m
[33m[plugin tanstack-start-core::server-fn:ssr] src/admin/admin.tsx: 
D:/skill-shine-gateway-main-main/src/admin/admin.tsx:159:31 
createServerFn().inputValidator() is deprecated. Use createServerFn().validator() 
instead.[39m
[33m[plugin tanstack-start-core::server-fn:ssr] src/admin/admin.tsx: 
D:/skill-shine-gateway-main-main/src/admin/admin.tsx:175:33 
createServerFn().inputValidator() is deprecated. Use createServerFn().validator() 
instead.[39m
[33m[plugin tanstack-start-core::server-fn:ssr] src/admin/admin.tsx: 
D:/skill-shine-gateway-main-main/src/admin/admin.tsx:191:36 
createServerFn().inputValidator() is deprecated. Use createServerFn().validator() 
instead.[39m
[33m[plugin tanstack-start-core::server-fn:ssr] src/professional/earnings.tsx: 
D:/skill-shine-gateway-main-main/src/professional/earnings.tsx:63:27 
createServerFn().inputValidator() is deprecated. Use createServerFn().validator() 
instead.[39m
[33m[plugin tanstack-start-core::server-fn:ssr] src/professional/stats-detail.tsx: 
D:/skill-shine-gateway-main-main/src/professional/stats-detail.tsx:64:28 
createServerFn().inputValidator() is deprecated. Use createServerFn().validator() 
instead.[39m
[33m[plugin tanstack-start-core::server-fn:ssr] src/professional/stats-detail.tsx: 
D:/skill-shine-gateway-main-main/src/professional/stats-detail.tsx:76:30 
createServerFn().inputValidator() is deprecated. Use createServerFn().validator() 
instead.[39m
[33m[plugin tanstack-start-core::server-fn:ssr] src/client/profile-setup.tsx: 
D:/skill-shine-gateway-main-main/src/client/profile-setup.tsx:72:27 
createServerFn().inputValidator() is deprecated. Use createServerFn().validator() 
instead.[39m
[33m[plugin tanstack-start-core::server-fn:ssr] src/client/post-job.tsx: 
D:/skill-shine-gateway-main-main/src/client/post-job.tsx:77:23 
createServerFn().inputValidator() is deprecated. Use createServerFn().validator() 
instead.[39m
[33m[plugin tanstack-start-core::server-fn:ssr] src/client/post-job.tsx: 
D:/skill-shine-gateway-main-main/src/client/post-job.tsx:94:21 
createServerFn().inputValidator() is deprecated. Use createServerFn().validator() 
instead.[39m
[33m[plugin tanstack-start-core::server-fn:ssr] src/professional/pro.$proId.tsx: 
D:/skill-shine-gateway-main-main/src/professional/pro.$proId.tsx:47:23 
createServerFn().inputValidator() is deprecated. Use createServerFn().validator() 
instead.[39m
[33m[plugin tanstack-start-core::server-fn:ssr] src/client/job.$jobId.tsx: 
D:/skill-shine-gateway-main-main/src/client/job.$jobId.tsx:40:23 
createServerFn().inputValidator() is deprecated. Use createServerFn().validator() 
instead.[39m
[33m[plugin tanstack-start-core::server-fn:ssr] src/client/job.$jobId.tsx: 
D:/skill-shine-gateway-main-main/src/client/job.$jobId.tsx:63:25 
createServerFn().inputValidator() is deprecated. Use createServerFn().validator() 
instead.[39m
[33m[plugin tanstack-start-core::server-fn:ssr] src/client/job.$jobId.tsx: 
D:/skill-shine-gateway-main-main/src/client/job.$jobId.tsx:81:30 
createServerFn().inputValidator() is deprecated. Use createServerFn().validator() 
instead.[39m
[33m[plugin tanstack-start-core::server-fn:ssr] src/professional/profile-setup.tsx: 
D:/skill-shine-gateway-main-main/src/professional/profile-setup.tsx:170:33 
createServerFn().inputValidator() is deprecated. Use createServerFn().validator() 
instead.[39m
[33m[plugin tanstack-start-core::server-fn:ssr] src/professional/profile-setup.tsx: 
D:/skill-shine-gateway-main-main/src/professional/profile-setup.tsx:253:44 
createServerFn().inputValidator() is deprecated. Use createServerFn().validator() 
instead.[39m
[33m[plugin tanstack-start-core::server-fn:ssr] src/professional/profile-setup.tsx: 
D:/skill-shine-gateway-main-main/src/professional/profile-setup.tsx:297:42 
createServerFn().inputValidator() is deprecated. Use createServerFn().validator() 
instead.[39m
[33m[plugin tanstack-start-core::server-fn:ssr] src/professional/profile-setup.tsx: 
D:/skill-shine-gateway-main-main/src/professional/profile-setup.tsx:320:44 
createServerFn().inputValidator() is deprecated. Use createServerFn().validator() 
instead.[39m
[33m[plugin tanstack-start-core::server-fn:ssr] 
src/routes/admin-categories.tsx?tsr-split=component: 
D:/skill-shine-gateway-main-main/src/routes/admin-categories.tsx?tsr-split=component:36:29 
createServerFn().inputValidator() is deprecated. Use createServerFn().validator() 
instead.[39m
[33m[plugin tanstack-start-core::server-fn:ssr] 
src/routes/admin-categories.tsx?tsr-split=component: 
D:/skill-shine-gateway-main-main/src/routes/admin-categories.tsx?tsr-split=component:51:31 
createServerFn().inputValidator() is deprecated. Use createServerFn().validator() 
instead.[39m
[33m[plugin tanstack-start-core::server-fn:ssr] 
src/routes/$legalPageSlug.tsx?tsr-split=component: 
D:/skill-shine-gateway-main-main/src/routes/$legalPageSlug.tsx?tsr-split=component:6:23 
createServerFn().inputValidator() is deprecated. Use createServerFn().validator() 
instead.[39m
[33m[plugin tanstack-start-core::server-fn:ssr] 
src/routes/earnings-reports.tsx?tsr-split=component: 
D:/skill-shine-gateway-main-main/src/routes/earnings-reports.tsx?tsr-split=component:76:34 
createServerFn().inputValidator() is deprecated. Use createServerFn().validator() 
instead.[39m
[33m[plugin tanstack-start-core::server-fn:ssr] 
src/routes/website-cms.tsx?tsr-split=component: 
D:/skill-shine-gateway-main-main/src/routes/website-cms.tsx?tsr-split=component:26:28 
createServerFn().inputValidator() is deprecated. Use createServerFn().validator() 
instead.[39m
[33m[plugin tanstack-start-core::server-fn:ssr] src/client/project.$projectId.server.ts: 
D:/skill-shine-gateway-main-main/src/client/project.$projectId.server.ts:20:31 
createServerFn().inputValidator() is deprecated. Use createServerFn().validator() 
instead.[39m
[33m[plugin tanstack-start-core::server-fn:ssr] src/client/project.$projectId.server.ts: 
D:/skill-shine-gateway-main-main/src/client/project.$projectId.server.ts:54:30 
createServerFn().inputValidator() is deprecated. Use createServerFn().validator() 
instead.[39m
[33m[plugin tanstack-start-core::server-fn:ssr] 
src/routes/job-management.tsx?tsr-split=component: 
D:/skill-shine-gateway-main-main/src/routes/job-management.tsx?tsr-split=component:117:35 
createServerFn().inputValidator() is deprecated. Use createServerFn().validator() 
instead.[39m
[33m[plugin tanstack-start-core::server-fn:ssr] 
src/routes/verification-management.tsx?tsr-split=component: D:/skill-shine-gateway-main-main/
src/routes/verification-management.tsx?tsr-split=component:63:40 
createServerFn().inputValidator() is deprecated. Use createServerFn().validator() 
instead.[39m
[33m[plugin tanstack-start-core::server-fn:ssr] 
src/routes/web-editor.tsx?tsr-split=component: 
D:/skill-shine-gateway-main-main/src/routes/web-editor.tsx?tsr-split=component:18:27 
createServerFn().inputValidator() is deprecated. Use createServerFn().validator() 
instead.[39m
[33m[plugin tanstack-start-core::server-fn:ssr] src/client/hire.$proId.tsx: 
D:/skill-shine-gateway-main-main/src/client/hire.$proId.tsx:29:24 
createServerFn().inputValidator() is deprecated. Use createServerFn().validator() 
instead.[39m
[33m[plugin tanstack-start-core::server-fn:ssr] src/client/hire.$proId.tsx: 
D:/skill-shine-gateway-main-main/src/client/hire.$proId.tsx:52:26 
createServerFn().inputValidator() is deprecated. Use createServerFn().validator() 
instead.[39m
[33m[plugin tanstack-start-core::server-fn:ssr] src/professional/verification.tsx: 
D:/skill-shine-gateway-main-main/src/professional/verification.tsx:122:34 
createServerFn().inputValidator() is deprecated. Use createServerFn().validator() 
instead.[39m
[33m[plugin tanstack-start-core::server-fn:ssr] src/client/projects.tsx: 
D:/skill-shine-gateway-main-main/src/client/projects.tsx:99:30 
createServerFn().inputValidator() is deprecated. Use createServerFn().validator() 
instead.[39m
[33m[plugin tanstack-start-core::server-fn:ssr] src/client/projects.tsx: 
D:/skill-shine-gateway-main-main/src/client/projects.tsx:138:29 
createServerFn().inputValidator() is deprecated. Use createServerFn().validator() 
instead.[39m
[33m[plugin tanstack-start-core::server-fn:ssr] src/client/projects.tsx: 
D:/skill-shine-gateway-main-main/src/client/projects.tsx:150:34 
createServerFn().inputValidator() is deprecated. Use createServerFn().validator() 
instead.[39m
[33m[plugin tanstack-start-core::server-fn:ssr] src/client/projects.tsx: 
D:/skill-shine-gateway-main-main/src/client/projects.tsx:162:33 
createServerFn().inputValidator() is deprecated. Use createServerFn().validator() 
instead.[39m
[33m[plugin tanstack-start-core::server-fn:ssr] src/client/projects.tsx: 
D:/skill-shine-gateway-main-main/src/client/projects.tsx:174:32 
createServerFn().inputValidator() is deprecated. Use createServerFn().validator() 
instead.[39m
[33m[plugin tanstack-start-core::server-fn:ssr] src/client/projects.tsx: 
D:/skill-shine-gateway-main-main/src/client/projects.tsx:186:30 
createServerFn().inputValidator() is deprecated. Use createServerFn().validator() 
instead.[39m
[33m[plugin tanstack-start-core::server-fn:ssr] src/client/projects.tsx: 
D:/skill-shine-gateway-main-main/src/client/projects.tsx:198:33 
createServerFn().inputValidator() is deprecated. Use createServerFn().validator() 
instead.[39m
[33m[plugin tanstack-start-core::server-fn:ssr] src/client/projects.tsx: 
D:/skill-shine-gateway-main-main/src/client/projects.tsx:210:34 
createServerFn().inputValidator() is deprecated. Use createServerFn().validator() 
instead.[39m
[33m[plugin tanstack-start-core::server-fn:ssr] src/client/notifications.tsx: 
D:/skill-shine-gateway-main-main/src/client/notifications.tsx:68:36 
createServerFn().inputValidator() is deprecated. Use createServerFn().validator() 
instead.[39m
[33m[plugin tanstack-start-core::server-fn:ssr] src/client/project-track.$trackingId.tsx: 
D:/skill-shine-gateway-main-main/src/client/project-track.$trackingId.tsx:57:29 
createServerFn().inputValidator() is deprecated. Use createServerFn().validator() 
instead.[39m
[33m[plugin tanstack-start-core::server-fn:ssr] src/client/project-track.$trackingId.tsx: 
D:/skill-shine-gateway-main-main/src/client/project-track.$trackingId.tsx:82:27 
createServerFn().inputValidator() is deprecated. Use createServerFn().validator() 
instead.[39m
[33m[plugin tanstack-start-core::server-fn:ssr] src/client/project-track.$trackingId.tsx: 
D:/skill-shine-gateway-main-main/src/client/project-track.$trackingId.tsx:109:28 
createServerFn().inputValidator() is deprecated. Use createServerFn().validator() 
instead.[39m
[33m[plugin tanstack-start-core::server-fn:ssr] src/client/project-track.$trackingId.tsx: 
D:/skill-shine-gateway-main-main/src/client/project-track.$trackingId.tsx:121:32 
createServerFn().inputValidator() is deprecated. Use createServerFn().validator() 
instead.[39m
[33m[plugin tanstack-start-core::server-fn:ssr] src/client/project-track.$trackingId.tsx: 
D:/skill-shine-gateway-main-main/src/client/project-track.$trackingId.tsx:133:30 
createServerFn().inputValidator() is deprecated. Use createServerFn().validator() 
instead.[39m
[33m[plugin tanstack-start-core::server-fn:ssr] src/client/project-track.$trackingId.tsx: 
D:/skill-shine-gateway-main-main/src/client/project-track.$trackingId.tsx:145:29 
createServerFn().inputValidator() is deprecated. Use createServerFn().validator() 
instead.[39m
[33m[plugin tanstack-start-core::server-fn:ssr] src/client/project-track.$trackingId.tsx: 
D:/skill-shine-gateway-main-main/src/client/project-track.$trackingId.tsx:165:31 
createServerFn().inputValidator() is deprecated. Use createServerFn().validator() 
instead.[39m
[33m[plugin tanstack-start-core::server-fn:ssr] src/client/project-track.$trackingId.tsx: 
D:/skill-shine-gateway-main-main/src/client/project-track.$trackingId.tsx:177:32 
createServerFn().inputValidator() is deprecated. Use createServerFn().validator() 
instead.[39m
[33m[plugin tanstack-start-core::server-fn:ssr] src/client/project-track.$trackingId.tsx: 
D:/skill-shine-gateway-main-main/src/client/project-track.$trackingId.tsx:189:25 
createServerFn().inputValidator() is deprecated. Use createServerFn().validator() 
instead.[39m
[33m[plugin tanstack-start-core::server-fn:ssr] src/client/project-track.$trackingId.tsx: 
D:/skill-shine-gateway-main-main/src/client/project-track.$trackingId.tsx:201:25 
createServerFn().inputValidator() is deprecated. Use createServerFn().validator() 
instead.[39m
[33m[plugin tanstack-start-core::server-fn:ssr] src/client/project-track.$trackingId.tsx: 
D:/skill-shine-gateway-main-main/src/client/project-track.$trackingId.tsx:213:33 
createServerFn().inputValidator() is deprecated. Use createServerFn().validator() 
instead.[39m
[33m[plugin tanstack-start-core::server-fn:ssr] src/client/project-track.$trackingId.tsx: 
D:/skill-shine-gateway-main-main/src/client/project-track.$trackingId.tsx:225:29 
createServerFn().inputValidator() is deprecated. Use createServerFn().validator() 
instead.[39m
[33m[plugin tanstack-start-core::server-fn:ssr] src/client/forgot-password.tsx: 
D:/skill-shine-gateway-main-main/src/client/forgot-password.tsx:31:30 
createServerFn().inputValidator() is deprecated. Use createServerFn().validator() 
instead.[39m
[33m[plugin tanstack-start-core::server-fn:ssr] src/client/forgot-password.tsx: 
D:/skill-shine-gateway-main-main/src/client/forgot-password.tsx:56:23 
createServerFn().inputValidator() is deprecated. Use createServerFn().validator() 
instead.[39m
[33m[plugin tanstack-start-core::server-fn:ssr] src/client/my-info.tsx: 
D:/skill-shine-gateway-main-main/src/client/my-info.tsx:84:22 
createServerFn().inputValidator() is deprecated. Use createServerFn().validator() 
instead.[39m
[33m[plugin tanstack-start-core::server-fn:ssr] src/professional/stats.tsx: 
D:/skill-shine-gateway-main-main/src/professional/stats.tsx:104:30 
createServerFn().inputValidator() is deprecated. Use createServerFn().validator() 
instead.[39m
[33m[plugin tanstack-start-core::server-fn:ssr] src/professional/stats.tsx: 
D:/skill-shine-gateway-main-main/src/professional/stats.tsx:119:33 
createServerFn().inputValidator() is deprecated. Use createServerFn().validator() 
instead.[39m
[33m[plugin tanstack-start-core::server-fn:ssr] src/professional/stats.tsx: 
D:/skill-shine-gateway-main-main/src/professional/stats.tsx:132:34 
createServerFn().inputValidator() is deprecated. Use createServerFn().validator() 
instead.[39m
[33m[plugin tanstack-start-core::server-fn:ssr] src/professional/stats.tsx: 
D:/skill-shine-gateway-main-main/src/professional/stats.tsx:147:42 
createServerFn().inputValidator() is deprecated. Use createServerFn().validator() 
instead.[39m
[33m[plugin tanstack-start-core::server-fn:ssr] src/professional/stats.tsx: 
D:/skill-shine-gateway-main-main/src/professional/stats.tsx:159:45 
createServerFn().inputValidator() is deprecated. Use createServerFn().validator() 
instead.[39m
[33m[plugin tanstack-start-core::server-fn:ssr] src/professional/stats.tsx: 
D:/skill-shine-gateway-main-main/src/professional/stats.tsx:171:46 
createServerFn().inputValidator() is deprecated. Use createServerFn().validator() 
instead.[39m
[33m[plugin tanstack-start-core::server-fn:ssr] src/professional/stats.tsx: 
D:/skill-shine-gateway-main-main/src/professional/stats.tsx:185:28 
createServerFn().inputValidator() is deprecated. Use createServerFn().validator() 
instead.[39m
[33m[plugin tanstack-start-core::server-fn:ssr] src/routes/signup.tsx?tsr-split=component: 
D:/skill-shine-gateway-main-main/src/routes/signup.tsx?tsr-split=component:52:23 
createServerFn().inputValidator() is deprecated. Use createServerFn().validator() 
instead.[39m
[33m[plugin tanstack-start-core::server-fn:ssr] src/routes/signup.tsx?tsr-split=component: 
D:/skill-shine-gateway-main-main/src/routes/signup.tsx?tsr-split=component:74:22 
createServerFn().inputValidator() is deprecated. Use createServerFn().validator() 
instead.[39m
[33m[plugin tanstack-start-core::server-fn:ssr] 
src/routes/user-management.tsx?tsr-split=component: 
D:/skill-shine-gateway-main-main/src/routes/user-management.tsx?tsr-split=component:86:33 
createServerFn().inputValidator() is deprecated. Use createServerFn().validator() 
instead.[39m
[33m[plugin tanstack-start-core::server-fn:ssr] 
src/routes/user-management.tsx?tsr-split=component: 
D:/skill-shine-gateway-main-main/src/routes/user-management.tsx?tsr-split=component:98:47 
createServerFn().inputValidator() is deprecated. Use createServerFn().validator() 
instead.[39m
[33m[plugin tanstack-start-core::server-fn:ssr] 
src/routes/user-management.tsx?tsr-split=component: 
D:/skill-shine-gateway-main-main/src/routes/user-management.tsx?tsr-split=component:110:35 
createServerFn().inputValidator() is deprecated. Use createServerFn().validator() 
instead.[39m
[33m[plugin tanstack-start-core::server-fn:ssr] src/routes/login.tsx?tsr-split=component: 
D:/skill-shine-gateway-main-main/src/routes/login.tsx?tsr-split=component:39:21 
createServerFn().inputValidator() is deprecated. Use createServerFn().validator() 
instead.[39m
[33m[plugin tanstack-start-core::server-fn:ssr] src/client/index.tsx: 
D:/skill-shine-gateway-main-main/src/client/index.tsx:70:25 
createServerFn().inputValidator() is deprecated. Use createServerFn().validator() 
instead.[39m
[33m[plugin tanstack-start-core::server-fn:ssr] src/components/GlobalSearch.tsx: 
D:/skill-shine-gateway-main-main/src/components/GlobalSearch.tsx:20:23 
createServerFn().inputValidator() is deprecated. Use createServerFn().validator() 
instead.[39m
[33m"createRequestHandler", "defineHandlerCallback", "transformPipeableStreamWithRouter" 
and "transformReadableStreamWithRouter" are imported from external module 
"@tanstack/router-core/ssr/server" but never used in 
"node_modules/@tanstack/start-server-core/dist/esm/index.js".[39m
[33m"RawStream" is imported from external module "@tanstack/router-core" but never used in 
"node_modules/@tanstack/start-client-core/dist/esm/index.js".[39m
[33m"hydrate" and "json" are imported from external module 
"@tanstack/router-core/ssr/client" but never used in 
"node_modules/@tanstack/start-client-core/dist/esm/index.js".[39m
[32mΓ£ô[39m 291 modules transformed.
rendering chunks...
[33m[plugin vite:reporter] 
(!) D:/skill-shine-gateway-main-main/src/lib/user-db.server.ts is dynamically imported by 
D:/skill-shine-gateway-main-main/src/client/forgot-password.tsx?tss-serverfn-split, 
D:/skill-shine-gateway-main-main/src/client/forgot-password.tsx?tss-serverfn-split, 
D:/skill-shine-gateway-main-main/src/routes/api/auth/google/-callback.ts, 
D:/skill-shine-gateway-main-main/src/routes/login.tsx?tss-serverfn-split, 
D:/skill-shine-gateway-main-main/src/routes/login.tsx?tss-serverfn-split, 
D:/skill-shine-gateway-main-main/src/routes/signup.tsx?tss-serverfn-split but also 
statically imported by 
D:/skill-shine-gateway-main-main/src/admin/admin.tsx?tss-serverfn-split, 
D:/skill-shine-gateway-main-main/src/backend/api.server.ts, 
D:/skill-shine-gateway-main-main/src/client/dashboard.tsx?tss-serverfn-split, 
D:/skill-shine-gateway-main-main/src/client/discover.tsx?tss-serverfn-split, 
D:/skill-shine-gateway-main-main/src/client/hire.$proId.tsx?tss-serverfn-split, 
D:/skill-shine-gateway-main-main/src/client/my-info.tsx?tss-serverfn-split, 
D:/skill-shine-gateway-main-main/src/client/notifications.tsx?tss-serverfn-split, 
D:/skill-shine-gateway-main-main/src/client/post-job.tsx?tss-serverfn-split, 
D:/skill-shine-gateway-main-main/src/client/profile-setup.tsx?tss-serverfn-split, 
D:/skill-shine-gateway-main-main/src/client/projects.tsx?tss-serverfn-split, 
D:/skill-shine-gateway-main-main/src/components/AppShell.tsx?tss-serverfn-split, 
D:/skill-shine-gateway-main-main/src/lib/current-user.server.ts, 
D:/skill-shine-gateway-main-main/src/professional/pro.$proId.tsx?tss-serverfn-split, 
D:/skill-shine-gateway-main-main/src/professional/profile-setup.tsx?tss-serverfn-split, 
D:/skill-shine-gateway-main-main/src/professional/stats.tsx?tss-serverfn-split, 
D:/skill-shine-gateway-main-main/src/routes/api/auth/google/-callback.ts, 
D:/skill-shine-gateway-main-main/src/routes/index.tsx?tss-serverfn-split, 
D:/skill-shine-gateway-main-main/src/routes/user-management.tsx?tss-serverfn-split, dynamic 
import will not move module into another chunk.
[39m
[2mdist/server/[22m[36massets/empty-plugin-adapters-BFgPZ6_d.js       [39m[1m[2m  0.13 kB[22m[1m[22m
[2mdist/server/[22m[36massets/login-5WaxsvPC.js                       [39m[1m[2m  0.23 kB[22m[1m[22m
[2mdist/server/[22m[36massets/createServerRpc-BSWJlf3j.js             [39m[1m[2m  0.31 kB[22m[1m[22m
[2mdist/server/[22m[36massets/project._projectId-mZMVxaQw.js          [39m[1m[2m  0.46 kB[22m[1m[22m
[2mdist/server/[22m[36massets/project._projectId-DepqUDNJ.js          [39m[1m[2m  0.49 kB[22m[1m[22m
[2mdist/server/[22m[36massets/forgot-password-D1FDXg_D.js             [39m[1m[2m  0.98 kB[22m[1m[22m
[2mdist/server/[22m[36massets/SiteHeader-CoDAs3U5.js                  [39m[1m[2m  1.15 kB[22m[1m[22m
[2mdist/server/[22m[36massets/AuthLayout-SgyNgUWA.js                  [39m[1m[2m  1.15 kB[22m[1m[22m
[2mdist/server/[22m[36massets/signup-D54GJhA7.js                      [39m[1m[2m  1.15 kB[22m[1m[22m
[2mdist/server/[22m[36massets/for-professionals-C-JIXm3I.js           [39m[1m[2m  1.17 kB[22m[1m[22m
[2mdist/server/[22m[36massets/reports-B0jEviw-.js                     [39m[1m[2m  1.17 kB[22m[1m[22m
[2mdist/server/[22m[36massets/messages-ZHsRvFdq.js                    [39m[1m[2m  1.18 kB[22m[1m[22m
[2mdist/server/[22m[36massets/popover-ATrRvCCG.js                     [39m[1m[2m  1.22 kB[22m[1m[22m
[2mdist/server/[22m[36massets/discover-B8MYo9_s.js                    [39m[1m[2m  1.22 kB[22m[1m[22m
[2mdist/server/[22m[36massets/messages-C2KY2Ho6.js                    [39m[1m[2m  1.22 kB[22m[1m[22m
[2mdist/server/[22m[36massets/faq-VSS-uyhl.js                         [39m[1m[2m  1.23 kB[22m[1m[22m
[2mdist/server/[22m[36massets/logout.server-7Ba2m6t0.js               [39m[1m[2m  1.25 kB[22m[1m[22m
[2mdist/server/[22m[36massets/__root-B5zK2e2g.js                      [39m[1m[2m  1.27 kB[22m[1m[22m
[2mdist/server/[22m[36massets/SiteFooter-CpE09qW0.js                  [39m[1m[2m  1.28 kB[22m[1m[22m
[2mdist/server/[22m[36massets/privacy-policy-DXY3qQws.js              [39m[1m[2m  1.28 kB[22m[1m[22m
[2mdist/server/[22m[36massets/terms-and-conditions-CbOthfbc.js        [39m[1m[2m  1.28 kB[22m[1m[22m
[2mdist/server/[22m[36massets/_legalPageSlug-Cjk6dIcz.js              [39m[1m[2m  1.28 kB[22m[1m[22m
[2mdist/server/[22m[36massets/admin-reports-BRNBqmne.js               [39m[1m[2m  1.29 kB[22m[1m[22m
[2mdist/server/[22m[36massets/client-reports-D0ujwe8Q.js              [39m[1m[2m  1.30 kB[22m[1m[22m
[2mdist/server/[22m[36massets/services-DQdjse_e.js                    [39m[1m[2m  1.30 kB[22m[1m[22m
[2mdist/server/[22m[36massets/professional-reports-BDrVBMi7.js        [39m[1m[2m  1.35 kB[22m[1m[22m
[2mdist/server/[22m[36massets/index-Bh62KBpt.js                       [39m[1m[2m  1.41 kB[22m[1m[22m
[2mdist/server/[22m[36massets/client-profile-B1xUUnTZ.js              [39m[1m[2m  1.49 kB[22m[1m[22m
[2mdist/server/[22m[36massets/pro._proId-CDGHF5v_.js                  [39m[1m[2m  1.62 kB[22m[1m[22m
[2mdist/server/[22m[36massets/start-Cc7xS1zt.js                       [39m[1m[2m  2.03 kB[22m[1m[22m
[2mdist/server/[22m[36massets/web-editor-o8oJFAg8.js                  [39m[1m[2m  2.14 kB[22m[1m[22m
[2mdist/server/[22m[36massets/earnings-reports-CGW834bW.js            [39m[1m[2m  2.17 kB[22m[1m[22m
[2mdist/server/[22m[36massets/stats-detail-BuC6obAk.js                [39m[1m[2m  2.20 kB[22m[1m[22m
[2mdist/server/[22m[36massets/earnings-C4AlWhyb.js                    [39m[1m[2m  2.26 kB[22m[1m[22m
[2mdist/server/[22m[36massets/website-cms-Czk-wlp8.js                 [39m[1m[2m  2.28 kB[22m[1m[22m
[2mdist/server/[22m[36massets/job-management-BdUHQpH8.js              [39m[1m[2m  2.33 kB[22m[1m[22m
[2mdist/server/[22m[36massets/verification-management-DKKCehdz.js     [39m[1m[2m  2.38 kB[22m[1m[22m
[2mdist/server/[22m[36massets/index-DfplFlLl.js                       [39m[1m[2m  2.45 kB[22m[1m[22m
[2mdist/server/[22m[36massets/dashboard-DuqKI95h.js                   [39m[1m[2m  2.56 kB[22m[1m[22m
[2mdist/server/[22m[36massets/verification-DTECWkRQ.js                [39m[1m[2m  2.69 kB[22m[1m[22m
[2mdist/server/[22m[36massets/hire._proId-K-ue7qL9.js                 [39m[1m[2m  2.74 kB[22m[1m[22m
[2mdist/server/[22m[36massets/admin-notifications-y11V8Gh3.js         [39m[1m[2m  2.78 kB[22m[1m[22m
[2mdist/server/[22m[36massets/client-reports-B4PUu_6R.js              [39m[1m[2m  2.81 kB[22m[1m[22m
[2mdist/server/[22m[36massets/_legalPageSlug-Dwsy3ksX.js              [39m[1m[2m  2.83 kB[22m[1m[22m
[2mdist/server/[22m[36massets/professional-reports-BZsTWyiz.js        [39m[1m[2m  2.86 kB[22m[1m[22m
[2mdist/server/[22m[36massets/post-job-CwKVRRMg.js                    [39m[1m[2m  2.91 kB[22m[1m[22m
[2mdist/server/[22m[36massets/admin-categories-DuNav91Z.js            [39m[1m[2m  3.01 kB[22m[1m[22m
[2mdist/server/[22m[36massets/ReportExportActions-BT5_v9ec.js         [39m[1m[2m  3.13 kB[22m[1m[22m
[2mdist/server/[22m[36massets/about-us-DvTfbSCX.js                    [39m[1m[2m  3.13 kB[22m[1m[22m
[2mdist/server/[22m[36massets/profile-setup-C-tH6qs5.js               [39m[1m[2m  3.17 kB[22m[1m[22m
[2mdist/server/[22m[36massets/AppShell-CVwdBatk.js                    [39m[1m[2m  3.17 kB[22m[1m[22m
[2mdist/server/[22m[36massets/my-info-BtzOKu6v.js                     [39m[1m[2m  3.20 kB[22m[1m[22m
[2mdist/server/[22m[36massets/terms-and-conditions-DBKJtyqs.js        [39m[1m[2m  3.27 kB[22m[1m[22m
[2mdist/server/[22m[36massets/privacy-policy-BDGJHHfu.js              [39m[1m[2m  3.30 kB[22m[1m[22m
[2mdist/server/[22m[36massets/contact-us-DW5qkYEi.js                  [39m[1m[2m  3.34 kB[22m[1m[22m
[2mdist/server/[22m[36massets/notification-email.server-BOHINCqy.js   [39m[1m[2m  3.51 kB[22m[1m[22m
[2mdist/server/[22m[36massets/legal-cms.server-p_scZBkT.js            [39m[1m[2m  3.52 kB[22m[1m[22m
[2mdist/server/[22m[36massets/notifications-iD5_ayUK.js               [39m[1m[2m  3.67 kB[22m[1m[22m
[2mdist/server/[22m[36massets/signup-D1fFuMTq.js                      [39m[1m[2m  3.82 kB[22m[1m[22m
[2mdist/server/[22m[36massets/login-1Ze28RoK.js                       [39m[1m[2m  3.87 kB[22m[1m[22m
[2mdist/server/[22m[36massets/forgot-password-D9PYbipv.js             [39m[1m[2m  3.97 kB[22m[1m[22m
[2mdist/server/[22m[36massets/job._jobId-DCEGhdVF.js                  [39m[1m[2m  4.14 kB[22m[1m[22m
[2mdist/server/[22m[36massets/services-db.server-BD-EXStA.js          [39m[1m[2m  4.63 kB[22m[1m[22m
[2mdist/server/[22m[36massets/project._projectId.server-C1rCeslB.js   [39m[1m[2m  4.69 kB[22m[1m[22m
[2mdist/server/[22m[36massets/user-management-CR3_0dIV.js             [39m[1m[2m  4.70 kB[22m[1m[22m
[2mdist/server/[22m[36massets/otp.server-DF-kFJZc.js                  [39m[1m[2m  5.22 kB[22m[1m[22m
[2mdist/server/[22m[36massets/admin-CawZR5yM.js                       [39m[1m[2m  5.84 kB[22m[1m[22m
[2mdist/server/[22m[36massets/for-clients-BQlcVqaA.js                 [39m[1m[2m  6.06 kB[22m[1m[22m
[2mdist/server/[22m[36massets/login-Dzif4Bb1.js                       [39m[1m[2m  6.19 kB[22m[1m[22m
[2mdist/server/[22m[36massets/_tanstack-start-manifest_v-CtdgO2DE.js  [39m[1m[2m  6.20 kB[22m[1m[22m
[2mdist/server/[22m[36massets/pro-verification-db.server-D59mOpva.js  [39m[1m[2m  6.69 kB[22m[1m[22m
[2mdist/server/[22m[36massets/GlobalSearch-DbKZlkBq.js                [39m[1m[2m  7.05 kB[22m[1m[22m
[2mdist/server/[22m[36massets/stats-DnjMbLxN.js                       [39m[1m[2m  8.12 kB[22m[1m[22m
[2mdist/server/[22m[36massets/website-cms-DZE8B18e.js                 [39m[1m[2m  9.15 kB[22m[1m[22m
[2mdist/server/[22m[36massets/projects-PCTN0c9p.js                    [39m[1m[2m  9.22 kB[22m[1m[22m
[2mdist/server/[22m[36massets/project-track._trackingId-CXrXYfJi.js   [39m[1m[2m  9.83 kB[22m[1m[22m
[2mdist/server/[22m[36massets/web-editor-CsAuePbG.js                  [39m[1m[2m 10.83 kB[22m[1m[22m
[2mdist/server/[22m[36massets/services-C0bSsumV.js                    [39m[1m[2m 14.88 kB[22m[1m[22m
[2mdist/server/[22m[36massets/signup-Bo1_iwAP.js                      [39m[1m[2m 15.57 kB[22m[1m[22m
[2mdist/server/[22m[36massets/reports-XaJYdABp.js                     [39m[1m[2m 15.70 kB[22m[1m[22m
[2mdist/server/[22m[36massets/admin-categories-CUj_sHQL.js            [39m[1m[2m 16.03 kB[22m[1m[22m
[2mdist/server/[22m[36massets/profile-setup-CAtkO1Xa.js               [39m[1m[2m 17.63 kB[22m[1m[22m
[2mdist/server/[22m[36massets/admin-reports-BV8uIaDs.js               [39m[1m[2m 20.39 kB[22m[1m[22m
[2mdist/server/[22m[36massets/verification-management-CPWDb4g0.js     [39m[1m[2m 21.50 kB[22m[1m[22m
[2mdist/server/[22m[36massets/UserPersonalReports-BbcGRzAH.js         [39m[1m[2m 21.65 kB[22m[1m[22m
[2mdist/server/[22m[36massets/project._projectId-CmX3NTi2.js          [39m[1m[2m 22.22 kB[22m[1m[22m
[2mdist/server/[22m[36massets/earnings-reports-BH6luwTy.js            [39m[1m[2m 38.94 kB[22m[1m[22m
[2mdist/server/[22m[36massets/user-management-BgaMNWK1.js             [39m[1m[2m 39.63 kB[22m[1m[22m
[2mdist/server/[22m[36massets/job-management-BUw7GLur.js              [39m[1m[2m 51.30 kB[22m[1m[22m
[2mdist/server/[22m[36massets/index-KAvB0iWl.js                       [39m[1m[2m 74.10 kB[22m[1m[22m
[2mdist/server/[22m[36massets/server-KxTtotOh.js                      [39m[1m[2m 86.60 kB[22m[1m[22m
[2mdist/server/[22m[36mserver.js                                      [39m[1m[2m336.44 kB[22m[1m[22m
[2mdist/server/[22m[36massets/router-DyXkltGt.js                      [39m[1m[33m935.75 kB[39m[22m
[32mΓ£ô built in 10.72s[39m
Copied SSR bundle to D:\skill-shine-gateway-main-main\api\server-bundle.js
Copied SSR assets to D:\skill-shine-gateway-main-main\api\assets
